<!doctype html>
<p data-richtypo>There are 1000 «rules» to&nbsp;enrich your&nbsp;text</p>
